[29-Jul-2026 02:27:40 UTC] PHP Fatal error:  Uncaught Error: Call to undefined function gh_get_recent_commits() in C:\Users\Administrator\Local Sites\git\app\public\wp-content\themes\Git\index.php:55
Stack trace:
#0 C:\Users\Administrator\Local Sites\git\app\public\wp-includes\template-loader.php(132): include()
#1 C:\Users\Administrator\Local Sites\git\app\public\wp-blog-header.php(19): require_once('C:\\Users\\Admini...')
#2 C:\Users\Administrator\Local Sites\git\app\public\index.php(17): require('C:\\Users\\Admini...')
#3 {main}
  thrown in C:\Users\Administrator\Local Sites\git\app\public\wp-content\themes\Git\index.php on line 55
[29-Jul-2026 02:27:41 UTC] PHP Fatal error:  Uncaught Error: Call to undefined function gh_repo_tabs() in C:\Users\Administrator\Local Sites\git\app\public\wp-content\themes\Git\single-repo.php:8
Stack trace:
#0 C:\Users\Administrator\Local Sites\git\app\public\wp-content\themes\Git\functions.php(299): include()
#1 C:\Users\Administrator\Local Sites\git\app\public\wp-includes\class-wp-hook.php(341): {closure}('')
#2 C:\Users\Administrator\Local Sites\git\app\public\wp-includes\class-wp-hook.php(365): WP_Hook->apply_filters(NULL, Array)
#3 C:\Users\Administrator\Local Sites\git\app\public\wp-includes\plugin.php(522): WP_Hook->do_action(Array)
#4 C:\Users\Administrator\Local Sites\git\app\public\wp-includes\template-loader.php(23): do_action('template_redire...')
#5 C:\Users\Administrator\Local Sites\git\app\public\wp-blog-header.php(19): require_once('C:\\Users\\Admini...')
#6 C:\Users\Administrator\Local Sites\git\app\public\index.php(17): require('C:\\Users\\Admini...')
#7 {main}
  thrown in C:\Users\Administrator\Local Sites\git\app\public\wp-content\themes\Git\single-repo.php on line 8
[29-Jul-2026 02:28:25 UTC] PHP Fatal error:  Uncaught Error: Call to undefined function gh_get_recent_commits() in C:\Users\Administrator\Local Sites\git\app\public\wp-content\themes\Git\index.php:55
Stack trace:
#0 C:\Users\Administrator\Local Sites\git\app\public\wp-includes\template-loader.php(132): include()
#1 C:\Users\Administrator\Local Sites\git\app\public\wp-blog-header.php(19): require_once('C:\\Users\\Admini...')
#2 C:\Users\Administrator\Local Sites\git\app\public\index.php(17): require('C:\\Users\\Admini...')
#3 {main}
  thrown in C:\Users\Administrator\Local Sites\git\app\public\wp-content\themes\Git\index.php on line 55
[29-Jul-2026 02:28:31 UTC] PHP Fatal error:  Uncaught Error: Call to undefined function gh_get_recent_commits() in C:\Users\Administrator\Local Sites\git\app\public\wp-content\themes\Git\index.php:55
Stack trace:
#0 C:\Users\Administrator\Local Sites\git\app\public\wp-includes\template-loader.php(132): include()
#1 C:\Users\Administrator\Local Sites\git\app\public\wp-blog-header.php(19): require_once('C:\\Users\\Admini...')
#2 C:\Users\Administrator\Local Sites\git\app\public\index.php(17): require('C:\\Users\\Admini...')
#3 {main}
  thrown in C:\Users\Administrator\Local Sites\git\app\public\wp-content\themes\Git\index.php on line 55
[29-Jul-2026 02:28:45 UTC] PHP Fatal error:  Uncaught Error: Call to undefined function gh_repo_tabs() in C:\Users\Administrator\Local Sites\git\app\public\wp-content\themes\Git\single-repo.php:8
Stack trace:
#0 C:\Users\Administrator\Local Sites\git\app\public\wp-content\themes\Git\functions.php(299): include()
#1 C:\Users\Administrator\Local Sites\git\app\public\wp-includes\class-wp-hook.php(341): {closure}('')
#2 C:\Users\Administrator\Local Sites\git\app\public\wp-includes\class-wp-hook.php(365): WP_Hook->apply_filters(NULL, Array)
#3 C:\Users\Administrator\Local Sites\git\app\public\wp-includes\plugin.php(522): WP_Hook->do_action(Array)
#4 C:\Users\Administrator\Local Sites\git\app\public\wp-includes\template-loader.php(23): do_action('template_redire...')
#5 C:\Users\Administrator\Local Sites\git\app\public\wp-blog-header.php(19): require_once('C:\\Users\\Admini...')
#6 C:\Users\Administrator\Local Sites\git\app\public\index.php(17): require('C:\\Users\\Admini...')
#7 {main}
  thrown in C:\Users\Administrator\Local Sites\git\app\public\wp-content\themes\Git\single-repo.php on line 8
[29-Jul-2026 02:28:51 UTC] PHP Fatal error:  Uncaught Error: Call to undefined function gh_repo_tabs() in C:\Users\Administrator\Local Sites\git\app\public\wp-content\themes\Git\single-repo.php:8
Stack trace:
#0 C:\Users\Administrator\Local Sites\git\app\public\wp-content\themes\Git\functions.php(299): include()
#1 C:\Users\Administrator\Local Sites\git\app\public\wp-includes\class-wp-hook.php(341): {closure}('')
#2 C:\Users\Administrator\Local Sites\git\app\public\wp-includes\class-wp-hook.php(365): WP_Hook->apply_filters(NULL, Array)
#3 C:\Users\Administrator\Local Sites\git\app\public\wp-includes\plugin.php(522): WP_Hook->do_action(Array)
#4 C:\Users\Administrator\Local Sites\git\app\public\wp-includes\template-loader.php(23): do_action('template_redire...')
#5 C:\Users\Administrator\Local Sites\git\app\public\wp-blog-header.php(19): require_once('C:\\Users\\Admini...')
#6 C:\Users\Administrator\Local Sites\git\app\public\index.php(17): require('C:\\Users\\Admini...')
#7 {main}
  thrown in C:\Users\Administrator\Local Sites\git\app\public\wp-content\themes\Git\single-repo.php on line 8
[29-Jul-2026 02:28:58 UTC] PHP Fatal error:  Uncaught Error: Call to undefined function gh_repo_tabs() in C:\Users\Administrator\Local Sites\git\app\public\wp-content\themes\Git\single-repo.php:8
Stack trace:
#0 C:\Users\Administrator\Local Sites\git\app\public\wp-content\themes\Git\functions.php(299): include()
#1 C:\Users\Administrator\Local Sites\git\app\public\wp-includes\class-wp-hook.php(341): {closure}('')
#2 C:\Users\Administrator\Local Sites\git\app\public\wp-includes\class-wp-hook.php(365): WP_Hook->apply_filters(NULL, Array)
#3 C:\Users\Administrator\Local Sites\git\app\public\wp-includes\plugin.php(522): WP_Hook->do_action(Array)
#4 C:\Users\Administrator\Local Sites\git\app\public\wp-includes\template-loader.php(23): do_action('template_redire...')
#5 C:\Users\Administrator\Local Sites\git\app\public\wp-blog-header.php(19): require_once('C:\\Users\\Admini...')
#6 C:\Users\Administrator\Local Sites\git\app\public\index.php(17): require('C:\\Users\\Admini...')
#7 {main}
  thrown in C:\Users\Administrator\Local Sites\git\app\public\wp-content\themes\Git\single-repo.php on line 8
[29-Jul-2026 03:10:01 UTC] PHP Parse error:  Unclosed '{' does not match ')' in C:\Users\Administrator\Local Sites\git\app\public\wp-content\plugins\gitfren\includes\routing.php on line 357
[29-Jul-2026 03:10:05 UTC] PHP Parse error:  Unclosed '{' does not match ')' in C:\Users\Administrator\Local Sites\git\app\public\wp-content\plugins\gitfren\includes\routing.php on line 357
[29-Jul-2026 03:10:11 UTC] PHP Parse error:  Unclosed '{' does not match ')' in C:\Users\Administrator\Local Sites\git\app\public\wp-content\plugins\gitfren\includes\routing.php on line 357
[29-Jul-2026 03:10:20 UTC] PHP Parse error:  Unclosed '{' does not match ')' in C:\Users\Administrator\Local Sites\git\app\public\wp-content\plugins\gitfren\includes\routing.php on line 357
[29-Jul-2026 03:14:04 UTC] PHP Parse error:  Unclosed '{' does not match ')' in C:\Users\Administrator\Local Sites\git\app\public\wp-content\plugins\gitfren\includes\routing.php on line 357
[29-Jul-2026 03:14:06 UTC] PHP Parse error:  Unclosed '{' does not match ')' in C:\Users\Administrator\Local Sites\git\app\public\wp-content\plugins\gitfren\includes\routing.php on line 357
[29-Jul-2026 03:14:08 UTC] PHP Parse error:  Unclosed '{' does not match ')' in C:\Users\Administrator\Local Sites\git\app\public\wp-content\plugins\gitfren\includes\routing.php on line 357
[29-Jul-2026 03:14:10 UTC] PHP Parse error:  Unclosed '{' does not match ')' in C:\Users\Administrator\Local Sites\git\app\public\wp-content\plugins\gitfren\includes\routing.php on line 357
[29-Jul-2026 03:14:10 UTC] PHP Parse error:  Unclosed '{' does not match ')' in C:\Users\Administrator\Local Sites\git\app\public\wp-content\plugins\gitfren\includes\routing.php on line 357
[29-Jul-2026 03:14:13 UTC] PHP Parse error:  Unclosed '{' does not match ')' in C:\Users\Administrator\Local Sites\git\app\public\wp-content\plugins\gitfren\includes\routing.php on line 357
[29-Jul-2026 03:14:14 UTC] PHP Parse error:  Unclosed '{' does not match ')' in C:\Users\Administrator\Local Sites\git\app\public\wp-content\plugins\gitfren\includes\routing.php on line 357
[29-Jul-2026 03:14:17 UTC] PHP Parse error:  Unclosed '{' does not match ')' in C:\Users\Administrator\Local Sites\git\app\public\wp-content\plugins\gitfren\includes\routing.php on line 357
[29-Jul-2026 03:14:43 UTC] PHP Parse error:  Unclosed '{' does not match ')' in C:\Users\Administrator\Local Sites\git\app\public\wp-content\plugins\gitfren\includes\routing.php on line 357
[29-Jul-2026 03:14:44 UTC] PHP Parse error:  Unclosed '{' does not match ')' in C:\Users\Administrator\Local Sites\git\app\public\wp-content\plugins\gitfren\includes\routing.php on line 357
[29-Jul-2026 03:14:46 UTC] PHP Parse error:  Unclosed '{' does not match ')' in C:\Users\Administrator\Local Sites\git\app\public\wp-content\plugins\gitfren\includes\routing.php on line 357
[29-Jul-2026 03:14:47 UTC] PHP Parse error:  Unclosed '{' does not match ')' in C:\Users\Administrator\Local Sites\git\app\public\wp-content\plugins\gitfren\includes\routing.php on line 357
[29-Jul-2026 03:15:12 UTC] PHP Parse error:  syntax error, unexpected identifier "branches" in C:\Users\Administrator\Local Sites\git\app\public\wp-content\plugins\gitfren\includes\routing.php on line 357
[29-Jul-2026 03:15:12 UTC] PHP Parse error:  syntax error, unexpected identifier "branches" in C:\Users\Administrator\Local Sites\git\app\public\wp-content\plugins\gitfren\includes\routing.php on line 357
[29-Jul-2026 03:23:53 UTC] PHP Parse error:  Unmatched '}' in C:\Users\Administrator\Local Sites\git\app\public\wp-content\plugins\gitfren\includes\core.php on line 254
[29-Jul-2026 03:23:54 UTC] PHP Parse error:  Unmatched '}' in C:\Users\Administrator\Local Sites\git\app\public\wp-content\plugins\gitfren\includes\core.php on line 254
[29-Jul-2026 03:24:00 UTC] PHP Parse error:  Unmatched '}' in C:\Users\Administrator\Local Sites\git\app\public\wp-content\plugins\gitfren\includes\core.php on line 254
[29-Jul-2026 03:24:01 UTC] PHP Parse error:  Unmatched '}' in C:\Users\Administrator\Local Sites\git\app\public\wp-content\plugins\gitfren\includes\core.php on line 254
[29-Jul-2026 03:24:03 UTC] PHP Parse error:  Unmatched '}' in C:\Users\Administrator\Local Sites\git\app\public\wp-content\plugins\gitfren\includes\core.php on line 254
[29-Jul-2026 03:24:04 UTC] PHP Parse error:  Unmatched '}' in C:\Users\Administrator\Local Sites\git\app\public\wp-content\plugins\gitfren\includes\core.php on line 254
[29-Jul-2026 03:24:15 UTC] PHP Parse error:  Unmatched '}' in C:\Users\Administrator\Local Sites\git\app\public\wp-content\plugins\gitfren\includes\core.php on line 254
[29-Jul-2026 03:24:19 UTC] PHP Parse error:  Unmatched '}' in C:\Users\Administrator\Local Sites\git\app\public\wp-content\plugins\gitfren\includes\core.php on line 254
[29-Jul-2026 03:24:23 UTC] PHP Parse error:  Unmatched '}' in C:\Users\Administrator\Local Sites\git\app\public\wp-content\plugins\gitfren\includes\core.php on line 254
[29-Jul-2026 03:28:06 UTC] PHP Parse error:  Unmatched '}' in C:\Users\Administrator\Local Sites\git\app\public\wp-content\plugins\gitfren\includes\core.php on line 254
[29-Jul-2026 03:28:07 UTC] PHP Parse error:  Unmatched '}' in C:\Users\Administrator\Local Sites\git\app\public\wp-content\plugins\gitfren\includes\core.php on line 254
[29-Jul-2026 03:29:28 UTC] PHP Parse error:  syntax error, unexpected token "if", expecting "(" in C:\Users\Administrator\Local Sites\git\app\public\wp-content\plugins\gitfren\includes\core.php on line 246
[29-Jul-2026 03:29:32 UTC] PHP Parse error:  syntax error, unexpected token "if", expecting "(" in C:\Users\Administrator\Local Sites\git\app\public\wp-content\plugins\gitfren\includes\core.php on line 246
[29-Jul-2026 03:30:22 UTC] PHP Parse error:  syntax error, unexpected token "if", expecting "(" in C:\Users\Administrator\Local Sites\git\app\public\wp-content\plugins\gitfren\includes\core.php on line 246
[29-Jul-2026 03:30:24 UTC] PHP Parse error:  syntax error, unexpected token "if", expecting "(" in C:\Users\Administrator\Local Sites\git\app\public\wp-content\plugins\gitfren\includes\core.php on line 246
[29-Jul-2026 03:35:58 UTC] PHP Parse error:  Unclosed '{' on line 254 in C:\Users\Administrator\Local Sites\git\app\public\wp-content\plugins\gitfren\includes\core.php on line 585
[29-Jul-2026 03:37:09 UTC] PHP Parse error:  Unclosed '{' on line 254 in C:\Users\Administrator\Local Sites\git\app\public\wp-content\plugins\gitfren\includes\core.php on line 585
[29-Jul-2026 03:37:14 UTC] PHP Parse error:  syntax error, unexpected identifier "_" in C:\Users\Administrator\Local Sites\git\app\public\wp-content\plugins\gitfren\includes\core.php on line 259
[29-Jul-2026 03:37:18 UTC] PHP Parse error:  syntax error, unexpected identifier "_" in C:\Users\Administrator\Local Sites\git\app\public\wp-content\plugins\gitfren\includes\core.php on line 259
[29-Jul-2026 03:43:09 UTC] PHP Parse error:  syntax error, unexpected identifier "_" in C:\Users\Administrator\Local Sites\git\app\public\wp-content\plugins\gitfren\includes\core.php on line 262
[29-Jul-2026 03:43:16 UTC] PHP Parse error:  syntax error, unexpected identifier "_" in C:\Users\Administrator\Local Sites\git\app\public\wp-content\plugins\gitfren\includes\core.php on line 262
[29-Jul-2026 03:45:24 UTC] PHP Parse error:  syntax error, unexpected identifier "_" in C:\Users\Administrator\Local Sites\git\app\public\wp-content\plugins\gitfren\includes\core.php on line 262
[29-Jul-2026 03:45:33 UTC] PHP Parse error:  syntax error, unexpected identifier "_" in C:\Users\Administrator\Local Sites\git\app\public\wp-content\plugins\gitfren\includes\core.php on line 262
[29-Jul-2026 03:53:42 UTC] PHP Parse error:  syntax error, unexpected identifier "_" in C:\Users\Administrator\Local Sites\git\app\public\wp-content\plugins\gitfren\includes\core.php on line 262
